PREHOOK: query: explain
select  i_item_id,
        ca_country,
        ca_state, 
        ca_county,
        avg( cast(cs_quantity as numeric(12,2))) agg1,
        avg( cast(cs_list_price as numeric(12,2))) agg2,
        avg( cast(cs_coupon_amt as numeric(12,2))) agg3,
        avg( cast(cs_sales_price as numeric(12,2))) agg4,
        avg( cast(cs_net_profit as numeric(12,2))) agg5,
        avg( cast(c_birth_year as numeric(12,2))) agg6,
        avg( cast(cd1.cd_dep_count as numeric(12,2))) agg7
 from catalog_sales, customer_demographics cd1, 
      customer_demographics cd2, customer, customer_address, date_dim, item
 where cs_sold_date_sk = d_date_sk and
       cs_item_sk = i_item_sk and
       cs_bill_cdemo_sk = cd1.cd_demo_sk and
       cs_bill_customer_sk = c_customer_sk and
       cd1.cd_gender = 'M' and 
       cd1.cd_education_status = 'College' and
       c_current_cdemo_sk = cd2.cd_demo_sk and
       c_current_addr_sk = ca_address_sk and
       c_birth_month in (9,5,12,4,1,10) and
       d_year = 2001 and
       ca_state in ('ND','WI','AL'
                   ,'NC','OK','MS','TN')
 group by rollup (i_item_id, ca_country, ca_state, ca_county)
 order by ca_country,
        ca_state, 
        ca_county,
	i_item_id
 limit 100
PREHOOK: type: QUERY
PREHOOK: Input: default@catalog_sales
PREHOOK: Input: default@customer
PREHOOK: Input: default@customer_address
PREHOOK: Input: default@customer_demographics
PREHOOK: Input: default@date_dim
PREHOOK: Input: default@item
PREHOOK: Output: hdfs://### HDFS PATH ###
POSTHOOK: query: explain
select  i_item_id,
        ca_country,
        ca_state, 
        ca_county,
        avg( cast(cs_quantity as numeric(12,2))) agg1,
        avg( cast(cs_list_price as numeric(12,2))) agg2,
        avg( cast(cs_coupon_amt as numeric(12,2))) agg3,
        avg( cast(cs_sales_price as numeric(12,2))) agg4,
        avg( cast(cs_net_profit as numeric(12,2))) agg5,
        avg( cast(c_birth_year as numeric(12,2))) agg6,
        avg( cast(cd1.cd_dep_count as numeric(12,2))) agg7
 from catalog_sales, customer_demographics cd1, 
      customer_demographics cd2, customer, customer_address, date_dim, item
 where cs_sold_date_sk = d_date_sk and
       cs_item_sk = i_item_sk and
       cs_bill_cdemo_sk = cd1.cd_demo_sk and
       cs_bill_customer_sk = c_customer_sk and
       cd1.cd_gender = 'M' and 
       cd1.cd_education_status = 'College' and
       c_current_cdemo_sk = cd2.cd_demo_sk and
       c_current_addr_sk = ca_address_sk and
       c_birth_month in (9,5,12,4,1,10) and
       d_year = 2001 and
       ca_state in ('ND','WI','AL'
                   ,'NC','OK','MS','TN')
 group by rollup (i_item_id, ca_country, ca_state, ca_county)
 order by ca_country,
        ca_state, 
        ca_county,
	i_item_id
 limit 100
POSTHOOK: type: QUERY
POSTHOOK: Input: default@catalog_sales
POSTHOOK: Input: default@customer
POSTHOOK: Input: default@customer_address
POSTHOOK: Input: default@customer_demographics
POSTHOOK: Input: default@date_dim
POSTHOOK: Input: default@item
POSTHOOK: Output: hdfs://### HDFS PATH ###
Plan optimized by CBO.

Vertex dependency in root stage
Map 9 <- Reducer 14 (BROADCAST_EDGE), Reducer 16 (BROADCAST_EDGE), Reducer 18 (BROADCAST_EDGE)
Reducer 10 <- Map 13 (SIMPLE_EDGE), Map 9 (SIMPLE_EDGE)
Reducer 11 <- Map 15 (SIMPLE_EDGE), Reducer 10 (SIMPLE_EDGE)
Reducer 12 <- Map 17 (SIMPLE_EDGE), Reducer 11 (SIMPLE_EDGE)
Reducer 14 <- Map 13 (CUSTOM_SIMPLE_EDGE)
Reducer 16 <- Map 15 (CUSTOM_SIMPLE_EDGE)
Reducer 18 <- Map 17 (CUSTOM_SIMPLE_EDGE)
Reducer 2 <- Map 1 (SIMPLE_EDGE), Map 7 (SIMPLE_EDGE)
Reducer 3 <- Map 8 (SIMPLE_EDGE), Reducer 2 (SIMPLE_EDGE)
Reducer 4 <- Reducer 12 (SIMPLE_EDGE), Reducer 3 (SIMPLE_EDGE)
Reducer 5 <- Reducer 4 (SIMPLE_EDGE)
Reducer 6 <- Reducer 5 (SIMPLE_EDGE)

Stage-0
  Fetch Operator
    limit:100
    Stage-1
      Reducer 6 vectorized
      File Output Operator [FS_187]
        Limit [LIM_186] (rows=100 width=135)
          Number of rows:100
          Select Operator [SEL_172] (rows=11135335 width=1165)
            Output:["_col0","_col1","_col2","_col3","_col4","_col5","_col6","_col7","_col8","_col9","_col10"]
          <-Reducer 5 [SIMPLE_EDGE] vectorized
            SHUFFLE [RS_171]
              Select Operator [SEL_170] (rows=11135335 width=1165)
                Output:["_col0","_col1","_col2","_col3","_col4","_col5","_col6","_col7","_col8","_col9","_col10"]
                Group By Operator [GBY_169] (rows=11135335 width=1229)
                  Output:["_col0","_col1","_col2","_col3","_col5","_col6","_col7","_col8","_col9","_col10","_col11","_col12","_col13","_col14","_col15","_col16","_col17","_col18"],aggregations:["sum(VALUE._col0)","count(VALUE._col1)","sum(VALUE._col2)","count(VALUE._col3)","sum(VALUE._col4)","count(VALUE._col5)","sum(VALUE._col6)","count(VALUE._col7)","sum(VALUE._col8)","count(VALUE._col9)","sum(VALUE._col10)","count(VALUE._col11)","sum(VALUE._col12)","count(VALUE._col13)"],keys:KEY._col0, KEY._col1, KEY._col2, KEY._col3, KEY._col4
                <-Reducer 4 [SIMPLE_EDGE]
                  SHUFFLE [RS_43]
                    PartitionCols:_col0, _col1, _col2, _col3, _col4
                    Group By Operator [GBY_41] (rows=11135335 width=1229)
                      Output:["_col0","_col1","_col2","_col3","_col4","_col5","_col6","_col7","_col8","_col9","_col10","_col11","_col12","_col13","_col14","_col15","_col16","_col17","_col18"],aggregations:["sum(_col15)","count(_col15)","sum(_col16)","count(_col16)","sum(_col17)","count(_col17)","sum(_col18)","count(_col18)","sum(_col19)","count(_col19)","sum(_col3)","count(_col3)","sum(_col22)","count(_col22)"],keys:_col5, _col6, _col7, _col10, 0L
                      Merge Join Operator [MERGEJOIN_142] (rows=2227067 width=817)
                        Conds:RS_37._col0=RS_38._col3(Inner),Output:["_col3","_col5","_col6","_col7","_col10","_col15","_col16","_col17","_col18","_col19","_col22"]
                      <-Reducer 12 [SIMPLE_EDGE]
                        SHUFFLE [RS_38]
                          PartitionCols:_col3
                          Select Operator [SEL_30] (rows=16225774 width=736)
                            Output:["_col1","_col3","_col6","_col7","_col8","_col9","_col10","_col13"]
                            Merge Join Operator [MERGEJOIN_141] (rows=16225774 width=736)
                              Conds:RS_27._col3=RS_168._col0(Inner),Output:["_col1","_col4","_col5","_col6","_col7","_col8","_col11","_col13"]
                            <-Map 16 [SIMPLE_EDGE] vectorized
                              SHUFFLE [RS_168]
                                PartitionCols:_col0
                                Select Operator [SEL_167] (rows=462000 width=104)
                                  Output:["_col0","_col1"]
                                  Filter Operator [FIL_166] (rows=462000 width=104)
                                    predicate:i_item_sk is not null
                                    TableScan [TS_18] (rows=462000 width=104)
                                      default@item,item,Tbl:COMPLETE,Col:COMPLETE,Output:["i_item_sk","i_item_id"]
                            <-Reducer 11 [SIMPLE_EDGE]
                              SHUFFLE [RS_27]
                                PartitionCols:_col3
                                Merge Join Operator [MERGEJOIN_140] (rows=16225774 width=640)
                                  Conds:RS_24._col2=RS_165._col0(Inner),Output:["_col1","_col3","_col4","_col5","_col6","_col7","_col8","_col11"]
                                <-Map 15 [SIMPLE_EDGE] vectorized
                                  SHUFFLE [RS_165]
                                    PartitionCols:_col0
                                    Select Operator [SEL_164] (rows=103434 width=116)
                                      Output:["_col0","_col1"]
                                      Filter Operator [FIL_163] (rows=103434 width=187)
                                        predicate:((cd_education_status = 'College') and (cd_gender = 'M') and cd_demo_sk is not null)
                                        TableScan [TS_15] (rows=1861800 width=187)
                                          default@customer_demographics,cd1,Tbl:COMPLETE,Col:COMPLETE,Output:["cd_demo_sk","cd_gender","cd_education_status","cd_dep_count"]
                                <-Reducer 10 [SIMPLE_EDGE]
                                  SHUFFLE [RS_24]
                                    PartitionCols:_col2
                                    Select Operator [SEL_147] (rows=80000000 width=860)
                                      Output:["_col0","_col1","_col2","_col4"]
                                      Filter Operator [FIL_146] (rows=80000000 width=860)
                                        predicate:((c_birth_month) IN (9, 5, 12, 4, 1, 10) and c_current_addr_sk is not null and c_current_cdemo_sk is not null and c_customer_sk is not null)
                                        TableScan [TS_0] (rows=80000000 width=860)
                                          default@customer,customer,Tbl:COMPLETE,Col:NONE,Output:["c_customer_sk","c_current_cdemo_sk","c_current_addr_sk","c_birth_month","c_birth_year"]
                                <-Map 7 [SIMPLE_EDGE] vectorized
                                  SHUFFLE [RS_151]
                                    PartitionCols:_col0
                                    Select Operator [SEL_150] (rows=40000000 width=1014)
                                      Output:["_col0","_col1","_col2","_col3"]
                                      Filter Operator [FIL_149] (rows=40000000 width=1014)
                                        predicate:((ca_state) IN ('ND', 'WI', 'AL', 'NC', 'OK', 'MS', 'TN') and ca_address_sk is not null)
                                        TableScan [TS_3] (rows=40000000 width=1014)
                                          default@customer_address,customer_address,Tbl:COMPLETE,Col:NONE,Output:["ca_address_sk","ca_county","ca_state","ca_country"]

