PREHOOK: query: explain
select  substr(r_reason_desc,1,20)
       ,avg(ws_quantity)
       ,avg(wr_refunded_cash)
       ,avg(wr_fee)
 from web_sales, web_returns, web_page, customer_demographics cd1,
      customer_demographics cd2, customer_address, date_dim, reason 
 where ws_web_page_sk = wp_web_page_sk
   and ws_item_sk = wr_item_sk
   and ws_order_number = wr_order_number
   and ws_sold_date_sk = d_date_sk and d_year = 1998
   and cd1.cd_demo_sk = wr_refunded_cdemo_sk 
   and cd2.cd_demo_sk = wr_returning_cdemo_sk
   and ca_address_sk = wr_refunded_addr_sk
   and r_reason_sk = wr_reason_sk
   and
   (
    (
     cd1.cd_marital_status = 'M'
     and
     cd1.cd_marital_status = cd2.cd_marital_status
     and
     cd1.cd_education_status = '4 yr Degree'
     and 
     cd1.cd_education_status = cd2.cd_education_status
     and
     ws_sales_price between 100.00 and 150.00
    )
   or
    (
     cd1.cd_marital_status = 'D'
     and
     cd1.cd_marital_status = cd2.cd_marital_status
     and
     cd1.cd_education_status = 'Primary' 
     and
     cd1.cd_education_status = cd2.cd_education_status
     and
     ws_sales_price between 50.00 and 100.00
    )
   or
    (
     cd1.cd_marital_status = 'U'
     and
     cd1.cd_marital_status = cd2.cd_marital_status
     and
     cd1.cd_education_status = 'Advanced Degree'
     and
     cd1.cd_education_status = cd2.cd_education_status
     and
     ws_sales_price between 150.00 and 200.00
    )
   )
   and
   (
    (
     ca_country = 'United States'
     and
     ca_state in ('KY', 'GA', 'NM')
     and ws_net_profit between 100 and 200  
    )
    or
    (
     ca_country = 'United States'
     and
     ca_state in ('MT', 'OR', 'IN')
     and ws_net_profit between 150 and 300  
    )
    or
    (
     ca_country = 'United States'
     and
     ca_state in ('WI', 'MO', 'WV')
     and ws_net_profit between 50 and 250  
    )
   )
group by r_reason_desc
order by substr(r_reason_desc,1,20)
        ,avg(ws_quantity)
        ,avg(wr_refunded_cash)
        ,avg(wr_fee)
limit 100
PREHOOK: type: QUERY
PREHOOK: Input: default@customer_address
PREHOOK: Input: default@customer_demographics
PREHOOK: Input: default@date_dim
PREHOOK: Input: default@reason
PREHOOK: Input: default@web_page
PREHOOK: Input: default@web_returns
PREHOOK: Input: default@web_sales
PREHOOK: Output: hdfs://### HDFS PATH ###
POSTHOOK: query: explain
select  substr(r_reason_desc,1,20)
       ,avg(ws_quantity)
       ,avg(wr_refunded_cash)
       ,avg(wr_fee)
 from web_sales, web_returns, web_page, customer_demographics cd1,
      customer_demographics cd2, customer_address, date_dim, reason 
 where ws_web_page_sk = wp_web_page_sk
   and ws_item_sk = wr_item_sk
   and ws_order_number = wr_order_number
   and ws_sold_date_sk = d_date_sk and d_year = 1998
   and cd1.cd_demo_sk = wr_refunded_cdemo_sk 
   and cd2.cd_demo_sk = wr_returning_cdemo_sk
   and ca_address_sk = wr_refunded_addr_sk
   and r_reason_sk = wr_reason_sk
   and
   (
    (
     cd1.cd_marital_status = 'M'
     and
     cd1.cd_marital_status = cd2.cd_marital_status
     and
     cd1.cd_education_status = '4 yr Degree'
     and 
     cd1.cd_education_status = cd2.cd_education_status
     and
     ws_sales_price between 100.00 and 150.00
    )
   or
    (
     cd1.cd_marital_status = 'D'
     and
     cd1.cd_marital_status = cd2.cd_marital_status
     and
     cd1.cd_education_status = 'Primary' 
     and
     cd1.cd_education_status = cd2.cd_education_status
     and
     ws_sales_price between 50.00 and 100.00
    )
   or
    (
     cd1.cd_marital_status = 'U'
     and
     cd1.cd_marital_status = cd2.cd_marital_status
     and
     cd1.cd_education_status = 'Advanced Degree'
     and
     cd1.cd_education_status = cd2.cd_education_status
     and
     ws_sales_price between 150.00 and 200.00
    )
   )
   and
   (
    (
     ca_country = 'United States'
     and
     ca_state in ('KY', 'GA', 'NM')
     and ws_net_profit between 100 and 200  
    )
    or
    (
     ca_country = 'United States'
     and
     ca_state in ('MT', 'OR', 'IN')
     and ws_net_profit between 150 and 300  
    )
    or
    (
     ca_country = 'United States'
     and
     ca_state in ('WI', 'MO', 'WV')
     and ws_net_profit between 50 and 250  
    )
   )
group by r_reason_desc
order by substr(r_reason_desc,1,20)
        ,avg(ws_quantity)
        ,avg(wr_refunded_cash)
        ,avg(wr_fee)
limit 100
POSTHOOK: type: QUERY
POSTHOOK: Input: default@customer_address
POSTHOOK: Input: default@customer_demographics
POSTHOOK: Input: default@date_dim
POSTHOOK: Input: default@reason
POSTHOOK: Input: default@web_page
POSTHOOK: Input: default@web_returns
POSTHOOK: Input: default@web_sales
POSTHOOK: Output: hdfs://### HDFS PATH ###
Plan optimized by CBO.

Vertex dependency in root stage
Map 12 <- Reducer 11 (BROADCAST_EDGE), Reducer 14 (BROADCAST_EDGE)
Reducer 10 <- Reducer 9 (SIMPLE_EDGE)
Reducer 11 <- Map 1 (CUSTOM_SIMPLE_EDGE)
Reducer 14 <- Map 13 (CUSTOM_SIMPLE_EDGE)
Reducer 2 <- Map 1 (SIMPLE_EDGE), Map 12 (SIMPLE_EDGE)
Reducer 3 <- Map 13 (SIMPLE_EDGE), Reducer 2 (SIMPLE_EDGE)
Reducer 4 <- Map 15 (SIMPLE_EDGE), Reducer 3 (SIMPLE_EDGE)
Reducer 5 <- Map 16 (SIMPLE_EDGE), Reducer 4 (SIMPLE_EDGE)
Reducer 6 <- Map 17 (SIMPLE_EDGE), Reducer 5 (SIMPLE_EDGE)
Reducer 7 <- Map 18 (SIMPLE_EDGE), Reducer 6 (SIMPLE_EDGE)
Reducer 8 <- Map 18 (SIMPLE_EDGE), Reducer 7 (SIMPLE_EDGE)
Reducer 9 <- Reducer 8 (SIMPLE_EDGE)

Stage-0
  Fetch Operator
    limit:-1
    Stage-1
      Reducer 10 vectorized
      File Output Operator [FS_244]
        Limit [LIM_243] (rows=100 width=385)
          Number of rows:100
          Select Operator [SEL_242] (rows=1023990 width=385)
            Output:["_col0","_col1","_col2","_col3"]
          <-Reducer 9 [SIMPLE_EDGE] vectorized
            SHUFFLE [RS_241]
              Select Operator [SEL_240] (rows=1023990 width=385)
                Output:["_col4","_col5","_col6","_col7"]
                Group By Operator [GBY_239] (rows=1023990 width=385)
                  Output:["_col0","_col1","_col2","_col3","_col4","_col5","_col6"],aggregations:["sum(VALUE._col0)","count(VALUE._col1)","sum(VALUE._col2)","count(VALUE._col3)","sum(VALUE._col4)","count(VALUE._col5)"],keys:KEY._col0
                <-Reducer 8 [SIMPLE_EDGE]
                  SHUFFLE [RS_49]
                    PartitionCols:_col0
                    Group By Operator [GBY_49] (rows=288 width=353)
                      Output:["_col0","_col1","_col2","_col3","_col4","_col5","_col6"],aggregations:["sum(_col4)","count(_col4)","sum(_col28)","count(_col28)","sum(_col27)","count(_col27)"],keys:_col37
                      Merge Join Operator [MERGEJOIN_203] (rows=2996823 width=313)
                        Conds:RS_45._col2=RS_231._col0(Inner),Output:["_col4","_col27","_col28","_col37"]
                      <-Map 17 [SIMPLE_EDGE] vectorized
                        SHUFFLE [RS_231]
                          PartitionCols:_col0
                          Select Operator [SEL_230] (rows=4602 width=4)
                            Output:["_col0"]
                            Filter Operator [FIL_229] (rows=4602 width=4)
                              predicate:wp_web_page_sk is not null
                              TableScan [TS_34] (rows=4602 width=4)
                                default@web_page,web_page,Tbl:COMPLETE,Col:COMPLETE,Output:["wp_web_page_sk"]
                      <-Reducer 3 [SIMPLE_EDGE]
                        SHUFFLE [RS_45]
                          PartitionCols:_col2
                          Filter Operator [FIL_43] (rows=2996823 width=377)
                            predicate:(((_col30 and _col5) or (_col31 and _col6) or (_col32 and _col7)) and ((_col15 and _col16 and _col8) or (_col17 and _col18 and _col9) or (_col19 and _col20 and _col10)))
                            Merge Join Operator [MERGEJOIN_202] (rows=10655376 width=377)
                              Conds:RS_40._col1, _col3=RS_41._col9, _col14(Inner),Output:["_col2","_col4","_col5","_col6","_col7","_col8","_col9","_col10","_col15","_col16","_col17","_col18","_col19","_col20","_col27","_col28","_col30","_col31","_col32","_col37"]
                            <-Reducer 13 [SIMPLE_EDGE]
                              SHUFFLE [RS_41]
                                PartitionCols:_col9, _col14
                                Select Operator [SEL_33] (rows=1086733 width=253)
                                  Output:["_col3","_col4","_col5","_col6","_col7","_col8","_col9","_col14","_col15","_col16","_col18","_col19","_col20","_col25"]
                                  Merge Join Operator [MERGEJOIN_201] (rows=1086733 width=253)
                                    Conds:RS_30._col4=RS_228._col0(Inner),Output:["_col0","_col5","_col6","_col7","_col9","_col10","_col11","_col18","_col19","_col20","_col21","_col22","_col23","_col25"]
                                  <-Map 16 [SIMPLE_EDGE] vectorized
                                    SHUFFLE [RS_228]
                                      PartitionCols:_col0
                                      Select Operator [SEL_233] (rows=20000000 width=1014)
                                        Output:["_col0","_col1"]
                                        Filter Operator [FIL_226] (rows=72 width=101)
                                          predicate:r_reason_sk is not null
                                          TableScan [TS_18] (rows=72 width=101)
                                            default@reason,reason,Tbl:COMPLETE,Col:COMPLETE,Output:["r_reason_sk","r_reason_desc"]
                                  <-Reducer 12 [SIMPLE_EDGE]
                                    SHUFFLE [RS_30]
                                      PartitionCols:_col4
                                      Merge Join Operator [MERGEJOIN_200] (rows=1086733 width=158)
                                        Conds:RS_27._col1, _col13, _col14=RS_224._col0, _col1, _col2(Inner),Output:["_col0","_col4","_col5","_col6","_col7","_col9","_col10","_col11","_col18","_col19","_col20","_col21","_col22","_col23"]
                                      <-Map 15 [SIMPLE_EDGE] vectorized
                                        SHUFFLE [RS_224]
                                          PartitionCols:_col0, _col1, _col2
                                          Select Operator [SEL_222] (rows=265971 width=207)
                                            Output:["_col0","_col1","_col2","_col3","_col4","_col5","_col6","_col7","_col8"]
                                            Filter Operator [FIL_221] (rows=265971 width=183)
                                              predicate:((cd_marital_status) IN ('M', 'D', 'U') and (cd_education_status) IN ('4 yr Degree', 'Primary', 'Advanced Degree') and cd_demo_sk is not null)
                                              TableScan [TS_15] (rows=1861800 width=183)
                                                default@customer_demographics,cd1,Tbl:COMPLETE,Col:COMPLETE,Output:["cd_demo_sk","cd_marital_status","cd_education_status"]
                                      <-Reducer 11 [SIMPLE_EDGE]
                                        SHUFFLE [RS_27]
                                          PartitionCols:_col1, _col13, _col14
                                          Merge Join Operator [MERGEJOIN_199] (rows=1071583 width=314)
                                            Conds:RS_24._col3=RS_225._col0(Inner),Output:["_col0","_col1","_col4","_col5","_col6","_col7","_col9","_col10","_col11","_col13","_col14"]
                                          <-Map 15 [SIMPLE_EDGE] vectorized
                                            SHUFFLE [RS_228]
                                              PartitionCols:_col0, _col5
                                              Select Operator [SEL_227] (rows=14398467 width=92)
                                                Output:["_col0","_col1","_col2","_col3","_col4","_col5","_col6","_col7"]
                                                Filter Operator [FIL_226] (rows=14398467 width=92)
                                                  predicate:(wr_item_sk is not null and wr_order_number is not null and wr_reason_sk is not null and wr_refunded_addr_sk is not null and wr_refunded_cdemo_sk is not null and wr_returning_cdemo_sk is not null)
                                                  TableScan [TS_9] (rows=14398467 width=92)
                                                    default@web_returns,web_returns,Tbl:COMPLETE,Col:NONE,Output:["wr_item_sk","wr_refunded_cdemo_sk","wr_refunded_addr_sk","wr_returning_cdemo_sk","wr_reason_sk","wr_order_number","wr_fee","wr_refunded_cash"]
                                          <-Reducer 3 [SIMPLE_EDGE]
                                            SHUFFLE [RS_30]
                                              PartitionCols:_col2, _col4
                                              Merge Join Operator [MERGEJOIN_201] (rows=19360357 width=135)
                                                Conds:RS_27._col1=RS_217._col0(Inner),Output:["_col2","_col4","_col5","_col6","_col7"]
                                              <-Map 13 [SIMPLE_EDGE] vectorized
                                                SHUFFLE [RS_217]
                                                  PartitionCols:_col0
                                                  Select Operator [SEL_216] (rows=36524 width=1119)
                                                    Output:["_col0"]
                                                    Filter Operator [FIL_215] (rows=36524 width=1119)
                                                      predicate:((d_year = 1998) and d_date_sk is not null)
                                                      TableScan [TS_6] (rows=73049 width=1119)
                                                        default@date_dim,date_dim,Tbl:COMPLETE,Col:NONE,Output:["d_date_sk","d_year"]
                                              <-Reducer 2 [SIMPLE_EDGE]
                                                SHUFFLE [RS_27]
                                                  PartitionCols:_col1
                                                  Merge Join Operator [MERGEJOIN_200] (rows=17600325 width=135)
                                                    Conds:RS_209._col0=RS_225._col2(Inner),Output:["_col1","_col2","_col4","_col5","_col6","_col7"]
                                                  <-Map 1 [SIMPLE_EDGE] vectorized
                                                    SHUFFLE [RS_209]
                                                      PartitionCols:_col0
                                                      Select Operator [SEL_208] (rows=4602 width=585)
                                                        Output:["_col0"]
                                                        Filter Operator [FIL_207] (rows=4602 width=585)
                                                          predicate:wp_web_page_sk is not null
                                                          TableScan [TS_0] (rows=4602 width=585)
                                                            default@web_page,web_page,Tbl:COMPLETE,Col:NONE,Output:["wp_web_page_sk"]
                                                  <-Map 12 [SIMPLE_EDGE] vectorized
                                                    SHUFFLE [RS_225]
                                                      PartitionCols:_col2
                                                      Select Operator [SEL_224] (rows=16000296 width=135)
                                                        Output:["_col0","_col1","_col2","_col3","_col4","_col5","_col6"]
                                                        Filter Operator [FIL_223] (rows=16000296 width=135)
                                                          predicate:((ws_net_profit BETWEEN 100 AND 200 or ws_net_profit BETWEEN 150 AND 300 or ws_net_profit BETWEEN 50 AND 250) and (ws_sales_price BETWEEN 100 AND 150 or ws_sales_price BETWEEN 50 AND 100 or ws_sales_price BETWEEN 150 AND 200) and (ws_sold_date_sk BETWEEN DynamicValue(RS_28_date_dim_d_date_sk_min) AND DynamicValue(RS_28_date_dim_d_date_sk_max) and in_bloom_filter(ws_sold_date_sk, DynamicValue(RS_28_date_dim_d_date_sk_bloom_filter))) and (ws_web_page_sk BETWEEN DynamicValue(RS_24_web_page_wp_web_page_sk_min) AND DynamicValue(RS_24_web_page_wp_web_page_sk_max) and in_bloom_filter(ws_web_page_sk, DynamicValue(RS_24_web_page_wp_web_page_sk_bloom_filter))) and ws_item_sk is not null and ws_order_number is not null and ws_sold_date_sk is not null and ws_web_page_sk is not null)
                                                          TableScan [TS_3] (rows=144002668 width=135)
                                                            default@web_sales,web_sales,Tbl:COMPLETE,Col:NONE,Output:["ws_sold_date_sk","ws_item_sk","ws_web_page_sk","ws_order_number","ws_quantity","ws_sales_price","ws_net_profit"]
                                                          <-Reducer 11 [BROADCAST_EDGE] vectorized
                                                            BROADCAST [RS_214]
                                                              Group By Operator [GBY_213] (rows=1 width=12)
                                                                Output:["_col0","_col1","_col2"],aggregations:["min(VALUE._col0)","max(VALUE._col1)","bloom_filter(VALUE._col2, expectedEntries=1000000)"]
                                                              <-Map 1 [CUSTOM_SIMPLE_EDGE] vectorized
                                                                SHUFFLE [RS_212]
                                                                  Group By Operator [GBY_211] (rows=1 width=12)
                                                                    Output:["_col0","_col1","_col2"],aggregations:["min(_col0)","max(_col0)","bloom_filter(_col0, expectedEntries=1000000)"]
                                                                    Select Operator [SEL_210] (rows=4602 width=585)
                                                                      Output:["_col0"]
                                                                       Please refer to the previous Select Operator [SEL_208]
                                                          <-Reducer 14 [BROADCAST_EDGE] vectorized
                                                            BROADCAST [RS_222]
                                                              Group By Operator [GBY_221] (rows=1 width=12)
                                                                Output:["_col0","_col1","_col2"],aggregations:["min(VALUE._col0)","max(VALUE._col1)","bloom_filter(VALUE._col2, expectedEntries=1000000)"]
                                                              <-Map 13 [CUSTOM_SIMPLE_EDGE] vectorized
                                                                SHUFFLE [RS_220]
                                                                  Group By Operator [GBY_219] (rows=1 width=12)
                                                                    Output:["_col0","_col1","_col2"],aggregations:["min(_col0)","max(_col0)","bloom_filter(_col0, expectedEntries=1000000)"]
                                                                    Select Operator [SEL_218] (rows=36524 width=1119)
                                                                      Output:["_col0"]
                                                                       Please refer to the previous Select Operator [SEL_216]

