PREHOOK: query: explain
with ws_wh as
(select ws1.ws_order_number,ws1.ws_warehouse_sk wh1,ws2.ws_warehouse_sk wh2
 from web_sales ws1,web_sales ws2
 where ws1.ws_order_number = ws2.ws_order_number
   and ws1.ws_warehouse_sk <> ws2.ws_warehouse_sk)
 select  
   count(distinct ws_order_number) as `order count`
  ,sum(ws_ext_ship_cost) as `total shipping cost`
  ,sum(ws_net_profit) as `total net profit`
from
   web_sales ws1
  ,date_dim
  ,customer_address
  ,web_site
where
    d_date between '1999-5-01' and 
           (cast('1999-5-01' as date) + 60 days)
and ws1.ws_ship_date_sk = d_date_sk
and ws1.ws_ship_addr_sk = ca_address_sk
and ca_state = 'TX'
and ws1.ws_web_site_sk = web_site_sk
and web_company_name = 'pri'
and ws1.ws_order_number in (select ws_order_number
                            from ws_wh)
and ws1.ws_order_number in (select wr_order_number
                            from web_returns,ws_wh
                            where wr_order_number = ws_wh.ws_order_number)
order by count(distinct ws_order_number)
limit 100
PREHOOK: type: QUERY
PREHOOK: Input: default@customer_address
PREHOOK: Input: default@date_dim
PREHOOK: Input: default@web_returns
PREHOOK: Input: default@web_sales
PREHOOK: Input: default@web_site
PREHOOK: Output: hdfs://### HDFS PATH ###
POSTHOOK: query: explain
with ws_wh as
(select ws1.ws_order_number,ws1.ws_warehouse_sk wh1,ws2.ws_warehouse_sk wh2
 from web_sales ws1,web_sales ws2
 where ws1.ws_order_number = ws2.ws_order_number
   and ws1.ws_warehouse_sk <> ws2.ws_warehouse_sk)
 select  
   count(distinct ws_order_number) as `order count`
  ,sum(ws_ext_ship_cost) as `total shipping cost`
  ,sum(ws_net_profit) as `total net profit`
from
   web_sales ws1
  ,date_dim
  ,customer_address
  ,web_site
where
    d_date between '1999-5-01' and 
           (cast('1999-5-01' as date) + 60 days)
and ws1.ws_ship_date_sk = d_date_sk
and ws1.ws_ship_addr_sk = ca_address_sk
and ca_state = 'TX'
and ws1.ws_web_site_sk = web_site_sk
and web_company_name = 'pri'
and ws1.ws_order_number in (select ws_order_number
                            from ws_wh)
and ws1.ws_order_number in (select wr_order_number
                            from web_returns,ws_wh
                            where wr_order_number = ws_wh.ws_order_number)
order by count(distinct ws_order_number)
limit 100
POSTHOOK: type: QUERY
POSTHOOK: Input: default@customer_address
POSTHOOK: Input: default@date_dim
POSTHOOK: Input: default@web_returns
POSTHOOK: Input: default@web_sales
POSTHOOK: Input: default@web_site
POSTHOOK: Output: hdfs://### HDFS PATH ###
Plan optimized by CBO.

Vertex dependency in root stage
Reducer 13 <- Map 12 (SIMPLE_EDGE), Map 18 (SIMPLE_EDGE)
Reducer 14 <- Map 19 (SIMPLE_EDGE), Reducer 13 (ONE_TO_ONE_EDGE)
Reducer 15 <- Reducer 14 (SIMPLE_EDGE)
Reducer 16 <- Map 12 (SIMPLE_EDGE), Map 18 (SIMPLE_EDGE)
Reducer 17 <- Reducer 16 (SIMPLE_EDGE)
Reducer 2 <- Map 1 (SIMPLE_EDGE), Map 11 (SIMPLE_EDGE)
Reducer 20 <- Map 19 (SIMPLE_EDGE), Map 23 (SIMPLE_EDGE)
Reducer 21 <- Map 24 (SIMPLE_EDGE), Reducer 20 (SIMPLE_EDGE)
Reducer 22 <- Reducer 21 (SIMPLE_EDGE)
Reducer 3 <- Map 12 (SIMPLE_EDGE), Reducer 2 (SIMPLE_EDGE)
Reducer 4 <- Map 14 (SIMPLE_EDGE), Reducer 3 (SIMPLE_EDGE)
Reducer 5 <- Reducer 17 (SIMPLE_EDGE), Reducer 4 (SIMPLE_EDGE)
Reducer 6 <- Reducer 22 (SIMPLE_EDGE), Reducer 5 (SIMPLE_EDGE)
Reducer 7 <- Reducer 6 (SIMPLE_EDGE)
Reducer 8 <- Reducer 7 (CUSTOM_SIMPLE_EDGE)
Reducer 9 <- Reducer 5 (CUSTOM_SIMPLE_EDGE)

Stage-0
  Fetch Operator
    limit:-1
    Stage-1
      Reducer 8 vectorized
      File Output Operator [FS_284]
        Group By Operator [GBY_283] (rows=1 width=232)
          Output:["_col0","_col1","_col2"],aggregations:["count(VALUE._col0)","sum(VALUE._col1)","sum(VALUE._col2)"]
        <-Reducer 7 [CUSTOM_SIMPLE_EDGE] vectorized
          PARTITION_ONLY_SHUFFLE [RS_282]
            Group By Operator [GBY_281] (rows=1 width=232)
              Output:["_col0","_col1","_col2"],aggregations:["count(_col0)","sum(_col1)","sum(_col2)"]
              Group By Operator [GBY_280] (rows=5022875 width=228)
                Output:["_col0","_col1","_col2"],aggregations:["sum(VALUE._col0)","sum(VALUE._col1)"],keys:KEY._col0
              <-Reducer 6 [SIMPLE_EDGE]
                SHUFFLE [RS_111]
                  PartitionCols:_col0
                  Group By Operator [GBY_110] (rows=5022875 width=228)
                    Output:["_col0","_col2","_col3"],aggregations:["sum(_col4)","sum(_col5)"],keys:_col3
                    Merge Join Operator [MERGEJOIN_237] (rows=5022875 width=227)
                      Conds:RS_61._col3=RS_279._col0(Inner),Output:["_col3","_col4","_col5"]
                    <-Reducer 5 [SIMPLE_EDGE]
                      PARTITION_ONLY_SHUFFLE [RS_61]
                        PartitionCols:_col3
                        Merge Join Operator [MERGEJOIN_236] (rows=5022875 width=227)
                          Conds:RS_58._col3=RS_265._col0(Inner),Output:["_col3","_col4","_col5"]
                        <-Reducer 4 [SIMPLE_EDGE]
                          SHUFFLE [RS_58]
                            PartitionCols:_col3
                            Merge Join Operator [MERGEJOIN_232] (rows=5022875 width=227)
                              Conds:RS_55._col2=RS_254._col0(Inner),Output:["_col3","_col4","_col5"]
                            <-Map 14 [SIMPLE_EDGE] vectorized
                              SHUFFLE [RS_254]
                                PartitionCols:_col0
                                Group By Operator [GBY_151] (rows=87121617 width=135)
                                  Output:["_col0"],keys:KEY._col0
                                <-Reducer 14 [SIMPLE_EDGE]
                                  SHUFFLE [RS_46]
                                    PartitionCols:_col0
                                    Group By Operator [GBY_45] (rows=174243235 width=135)
                                      Output:["_col0"],keys:_col1
                                      Merge Join Operator [MERGEJOIN_126] (rows=174243235 width=135)
                                        Conds:RS_41._col0=RS_150._col0(Inner),Output:["_col1"]
                                      <-Map 19 [SIMPLE_EDGE] vectorized
                                        SHUFFLE [RS_150]
                                          PartitionCols:_col0
                                          Select Operator [SEL_149] (rows=14398467 width=92)
                                            Output:["_col0"]
                                            Filter Operator [FIL_148] (rows=14398467 width=92)
                                              predicate:wr_order_number is not null
                                              TableScan [TS_38] (rows=14398467 width=92)
                                                default@web_returns,web_returns,Tbl:COMPLETE,Col:NONE,Output:["wr_order_number"]
                                      <-Reducer 13 [ONE_TO_ONE_EDGE]
                                        FORWARD [RS_41]
                                          PartitionCols:_col0
                                          Select Operator [SEL_37] (rows=158402938 width=135)
                                            Output:["_col0"]
                                            Filter Operator [FIL_36] (rows=158402938 width=135)
                                              predicate:(_col0 <> _col2)
                                              Merge Join Operator [MERGEJOIN_125] (rows=158402938 width=135)
                                                Conds:RS_142._col1=RS_146._col1(Inner),Output:["_col0","_col1","_col2"]
                                              <-Map 12 [SIMPLE_EDGE] vectorized
                                                SHUFFLE [RS_142]
                                                  PartitionCols:_col1
                                                  Select Operator [SEL_141] (rows=144002668 width=135)
                                                    Output:["_col0","_col1"]
                                                    Filter Operator [FIL_140] (rows=144002668 width=135)
                                                      predicate:ws_order_number is not null
                                                      TableScan [TS_27] (rows=144002668 width=135)
                                                        default@web_sales,ws1,Tbl:COMPLETE,Col:NONE,Output:["ws_warehouse_sk","ws_order_number"]
                                              <-Map 18 [SIMPLE_EDGE] vectorized
                                                SHUFFLE [RS_146]
                                                  PartitionCols:_col1
                                                  Select Operator [SEL_145] (rows=144002668 width=135)
                                                    Output:["_col0","_col1"]
                                                    Filter Operator [FIL_144] (rows=144002668 width=135)
                                                      predicate:ws_order_number is not null
                                                      TableScan [TS_30] (rows=144002668 width=135)
                                                        default@web_sales,ws2,Tbl:COMPLETE,Col:NONE,Output:["ws_warehouse_sk","ws_order_number"]
                            <-Reducer 17 [ONE_TO_ONE_EDGE] vectorized
                              FORWARD [RS_154]
                                PartitionCols:_col0
                                Group By Operator [GBY_153] (rows=79201469 width=135)
                                  Output:["_col0"],keys:KEY._col0
                                <-Reducer 16 [SIMPLE_EDGE]
                                  SHUFFLE [RS_24]
                                    PartitionCols:_col0
                                    Group By Operator [GBY_23] (rows=158402938 width=135)
                                      Output:["_col0"],keys:_col1
                                      Select Operator [SEL_22] (rows=158402938 width=135)
                                        Output:["_col1"]
                                        Filter Operator [FIL_21] (rows=158402938 width=135)
                                          predicate:(_col0 <> _col2)
                                          Merge Join Operator [MERGEJOIN_124] (rows=158402938 width=135)
                                            Conds:RS_143._col1=RS_147._col1(Inner),Output:["_col0","_col1","_col2"]
                                          <-Map 12 [SIMPLE_EDGE] vectorized
                                            SHUFFLE [RS_143]
                                              PartitionCols:_col1
                                               Please refer to the previous Select Operator [SEL_141]
                                          <-Map 18 [SIMPLE_EDGE] vectorized
                                            SHUFFLE [RS_147]
                                              PartitionCols:_col1
                                               Please refer to the previous Select Operator [SEL_145]
                            <-Reducer 4 [SIMPLE_EDGE]
                              SHUFFLE [RS_58]
                                PartitionCols:_col3
                                Merge Join Operator [MERGEJOIN_123] (rows=191667562 width=135)
                                  Conds:RS_55._col2=RS_139._col0(Inner),Output:["_col3","_col4","_col5"]
                                <-Map 11 [SIMPLE_EDGE] vectorized
                                  SHUFFLE [RS_139]
                                    PartitionCols:_col0
                                    Select Operator [SEL_138] (rows=42 width=1850)
                                      Output:["_col0"]
                                      Filter Operator [FIL_137] (rows=42 width=1850)
                                        predicate:((web_company_name = 'pri') and web_site_sk is not null)
                                        TableScan [TS_9] (rows=84 width=1850)
                                          default@web_site,web_site,Tbl:COMPLETE,Col:NONE,Output:["web_site_sk","web_company_name"]
                                <-Reducer 3 [SIMPLE_EDGE]
                                  SHUFFLE [RS_55]
                                    PartitionCols:_col2
                                    Merge Join Operator [MERGEJOIN_122] (rows=174243235 width=135)
                                      Conds:RS_52._col1=RS_136._col0(Inner),Output:["_col2","_col3","_col4","_col5"]
                                    <-Map 10 [SIMPLE_EDGE] vectorized
                                      SHUFFLE [RS_136]
                                        PartitionCols:_col0
                                        Select Operator [SEL_135] (rows=20000000 width=1014)
                                          Output:["_col0"]
                                          Filter Operator [FIL_249] (rows=8116 width=98)
                                            predicate:(CAST( d_date AS TIMESTAMP) BETWEEN TIMESTAMP'1999-05-01 00:00:00' AND TIMESTAMP'1999-06-30 00:00:00' and d_date_sk is not null)
                                            TableScan [TS_3] (rows=73049 width=98)
                                              default@date_dim,date_dim,Tbl:COMPLETE,Col:COMPLETE,Output:["d_date_sk","d_date"]
                        <-Reducer 17 [SIMPLE_EDGE] vectorized
                          SHUFFLE [RS_265]
                            PartitionCols:_col0
                            Group By Operator [GBY_264] (rows=14686712 width=4)
                              Output:["_col0"],keys:KEY._col0
                            <-Reducer 16 [SIMPLE_EDGE]
                              SHUFFLE [RS_24]
                                PartitionCols:_col0
                                Group By Operator [GBY_23] (rows=144002668 width=4)
                                  Output:["_col0"],keys:_col1
                                  Select Operator [SEL_22] (rows=1411940834 width=11)
                                    Output:["_col1"]
                                    Filter Operator [FIL_21] (rows=1411940834 width=11)
                                      predicate:(_col0 <> _col2)
                                      Merge Join Operator [MERGEJOIN_233] (rows=1411940834 width=11)
                                        Conds:RS_260._col1=RS_263._col1(Inner),Output:["_col0","_col1","_col2"]
                                      <-Map 15 [SIMPLE_EDGE] vectorized
                                        SHUFFLE [RS_260]
                                          PartitionCols:_col1
                                          Select Operator [SEL_259] (rows=144002668 width=7)
                                            Output:["_col0","_col1"]
                                            Filter Operator [FIL_258] (rows=144002668 width=7)
                                              predicate:(ws_order_number is not null and ws_order_number BETWEEN DynamicValue(RS_58_ws1_ws_order_number_min) AND DynamicValue(RS_58_ws1_ws_order_number_max) and in_bloom_filter(ws_order_number, DynamicValue(RS_58_ws1_ws_order_number_bloom_filter)))
                                              TableScan [TS_12] (rows=144002668 width=7)
                                                default@web_sales,ws1,Tbl:COMPLETE,Col:COMPLETE,Output:["ws_warehouse_sk","ws_order_number"]
                                              <-Reducer 10 [BROADCAST_EDGE] vectorized
                                                BROADCAST [RS_256]
                                                  Group By Operator [GBY_255] (rows=1 width=12)
                                                    Output:["_col0","_col1","_col2"],aggregations:["min(VALUE._col0)","max(VALUE._col1)","bloom_filter(VALUE._col2, expectedEntries=1000000)"]
                                                  <-Reducer 4 [CUSTOM_SIMPLE_EDGE]
                                                    SHUFFLE [RS_189]
                                                      Group By Operator [GBY_188] (rows=1 width=12)
                                                        Output:["_col0","_col1","_col2"],aggregations:["min(_col0)","max(_col0)","bloom_filter(_col0, expectedEntries=1000000)"]
                                                        Select Operator [SEL_187] (rows=5022875 width=8)
                                                          Output:["_col0"]
                                                           Please refer to the previous Merge Join Operator [MERGEJOIN_232]
                                      <-Map 18 [SIMPLE_EDGE] vectorized
                                        SHUFFLE [RS_263]
                                          PartitionCols:_col1
                                          Select Operator [SEL_262] (rows=144002668 width=7)
                                            Output:["_col0","_col1"]
                                            Filter Operator [FIL_261] (rows=144002668 width=7)
                                              predicate:(ws_order_number is not null and ws_order_number BETWEEN DynamicValue(RS_58_ws1_ws_order_number_min) AND DynamicValue(RS_58_ws1_ws_order_number_max) and in_bloom_filter(ws_order_number, DynamicValue(RS_58_ws1_ws_order_number_bloom_filter)))
                                              TableScan [TS_15] (rows=144002668 width=7)
                                                default@web_sales,ws2,Tbl:COMPLETE,Col:COMPLETE,Output:["ws_warehouse_sk","ws_order_number"]
                                              <-Reducer 10 [BROADCAST_EDGE] vectorized
                                                BROADCAST [RS_257]
                                                   Please refer to the previous Group By Operator [GBY_255]
                    <-Reducer 22 [SIMPLE_EDGE] vectorized
                      SHUFFLE [RS_279]
                        PartitionCols:_col0
                        Group By Operator [GBY_278] (rows=8007986 width=4)
                          Output:["_col0"],keys:KEY._col0
                        <-Reducer 21 [SIMPLE_EDGE]
                          SHUFFLE [RS_46]
                            PartitionCols:_col0
                            Group By Operator [GBY_45] (rows=14398467 width=4)
                              Output:["_col0"],keys:_col14
                              Merge Join Operator [MERGEJOIN_235] (rows=1384229738 width=4)
                                Conds:RS_41._col0=RS_277._col13(Inner),Output:["_col14"]
                              <-Map 24 [SIMPLE_EDGE] vectorized
                                SHUFFLE [RS_277]
                                  PartitionCols:_col13
                                  Select Operator [SEL_276] (rows=14398467 width=272)
                                    Output:["_col13"]
                                    Filter Operator [FIL_275] (rows=14398467 width=4)
                                      predicate:wr_order_number is not null
                                      TableScan [TS_38] (rows=14398467 width=4)
                                        default@web_returns,web_returns,Tbl:COMPLETE,Col:COMPLETE,Output:["wr_order_number"]
                              <-Reducer 20 [SIMPLE_EDGE]
                                SHUFFLE [RS_41]
                                  PartitionCols:_col0
                                  Select Operator [SEL_37] (rows=1411940834 width=4)
                                    Output:["_col0"]
                                    Filter Operator [FIL_36] (rows=1411940834 width=11)
                                      predicate:(_col0 <> _col2)
                                      Merge Join Operator [MERGEJOIN_234] (rows=1411940834 width=11)
                                        Conds:RS_271._col1=RS_274._col1(Inner),Output:["_col0","_col1","_col2"]
                                      <-Map 19 [SIMPLE_EDGE] vectorized
                                        SHUFFLE [RS_271]
                                          PartitionCols:_col1
                                          Select Operator [SEL_270] (rows=144002668 width=7)
                                            Output:["_col0","_col1"]
                                            Filter Operator [FIL_269] (rows=144002668 width=7)
                                              predicate:(ws_order_number is not null and ws_order_number BETWEEN DynamicValue(RS_61_ws1_ws_order_number_min) AND DynamicValue(RS_61_ws1_ws_order_number_max) and in_bloom_filter(ws_order_number, DynamicValue(RS_61_ws1_ws_order_number_bloom_filter)))
                                              TableScan [TS_27] (rows=144002668 width=7)
                                                default@web_sales,ws1,Tbl:COMPLETE,Col:COMPLETE,Output:["ws_warehouse_sk","ws_order_number"]
                                              <-Reducer 9 [BROADCAST_EDGE] vectorized
                                                BROADCAST [RS_267]
                                                  Group By Operator [GBY_266] (rows=1 width=12)
                                                    Output:["_col0","_col1","_col2"],aggregations:["min(VALUE._col0)","max(VALUE._col1)","bloom_filter(VALUE._col2, expectedEntries=1000000)"]
                                                  <-Reducer 5 [CUSTOM_SIMPLE_EDGE]
                                                    PARTITION_ONLY_SHUFFLE [RS_208]
                                                      Group By Operator [GBY_207] (rows=1 width=12)
                                                        Output:["_col0","_col1","_col2"],aggregations:["min(_col0)","max(_col0)","bloom_filter(_col0, expectedEntries=1000000)"]
                                                        Select Operator [SEL_206] (rows=5022875 width=8)
                                                          Output:["_col0"]
                                                           Please refer to the previous Merge Join Operator [MERGEJOIN_236]
                                      <-Map 23 [SIMPLE_EDGE] vectorized
                                        SHUFFLE [RS_274]
                                          PartitionCols:_col1
                                          Select Operator [SEL_273] (rows=144002668 width=7)
                                            Output:["_col0","_col1"]
                                            Filter Operator [FIL_272] (rows=144002668 width=7)
                                              predicate:(ws_order_number is not null and ws_order_number BETWEEN DynamicValue(RS_61_ws1_ws_order_number_min) AND DynamicValue(RS_61_ws1_ws_order_number_max) and in_bloom_filter(ws_order_number, DynamicValue(RS_61_ws1_ws_order_number_bloom_filter)))
                                              TableScan [TS_30] (rows=144002668 width=7)
                                                default@web_sales,ws2,Tbl:COMPLETE,Col:COMPLETE,Output:["ws_warehouse_sk","ws_order_number"]
                                              <-Reducer 9 [BROADCAST_EDGE] vectorized
                                                BROADCAST [RS_268]
                                                   Please refer to the previous Group By Operator [GBY_266]

