PREHOOK: query: explain
select  i_item_id
       ,i_item_desc
       ,s_state
       ,count(ss_quantity) as store_sales_quantitycount
       ,avg(ss_quantity) as store_sales_quantityave
       ,stddev_samp(ss_quantity) as store_sales_quantitystdev
       ,stddev_samp(ss_quantity)/avg(ss_quantity) as store_sales_quantitycov
       ,count(sr_return_quantity) as_store_returns_quantitycount
       ,avg(sr_return_quantity) as_store_returns_quantityave
       ,stddev_samp(sr_return_quantity) as_store_returns_quantitystdev
       ,stddev_samp(sr_return_quantity)/avg(sr_return_quantity) as store_returns_quantitycov
       ,count(cs_quantity) as catalog_sales_quantitycount ,avg(cs_quantity) as catalog_sales_quantityave
       ,stddev_samp(cs_quantity)/avg(cs_quantity) as catalog_sales_quantitystdev
       ,stddev_samp(cs_quantity)/avg(cs_quantity) as catalog_sales_quantitycov
 from store_sales
     ,store_returns
     ,catalog_sales
     ,date_dim d1
     ,date_dim d2
     ,date_dim d3
     ,store
     ,item
 where d1.d_quarter_name = '2000Q1'
   and d1.d_date_sk = ss_sold_date_sk
   and i_item_sk = ss_item_sk
   and s_store_sk = ss_store_sk
   and ss_customer_sk = sr_customer_sk
   and ss_item_sk = sr_item_sk
   and ss_ticket_number = sr_ticket_number
   and sr_returned_date_sk = d2.d_date_sk
   and d2.d_quarter_name in ('2000Q1','2000Q2','2000Q3')
   and sr_customer_sk = cs_bill_customer_sk
   and sr_item_sk = cs_item_sk
   and cs_sold_date_sk = d3.d_date_sk
   and d3.d_quarter_name in ('2000Q1','2000Q2','2000Q3')
 group by i_item_id
         ,i_item_desc
         ,s_state
 order by i_item_id
         ,i_item_desc
         ,s_state
limit 100
PREHOOK: type: QUERY
PREHOOK: Input: default@catalog_sales
PREHOOK: Input: default@date_dim
PREHOOK: Input: default@item
PREHOOK: Input: default@store
PREHOOK: Input: default@store_returns
PREHOOK: Input: default@store_sales
PREHOOK: Output: hdfs://### HDFS PATH ###
POSTHOOK: query: explain
select  i_item_id
       ,i_item_desc
       ,s_state
       ,count(ss_quantity) as store_sales_quantitycount
       ,avg(ss_quantity) as store_sales_quantityave
       ,stddev_samp(ss_quantity) as store_sales_quantitystdev
       ,stddev_samp(ss_quantity)/avg(ss_quantity) as store_sales_quantitycov
       ,count(sr_return_quantity) as_store_returns_quantitycount
       ,avg(sr_return_quantity) as_store_returns_quantityave
       ,stddev_samp(sr_return_quantity) as_store_returns_quantitystdev
       ,stddev_samp(sr_return_quantity)/avg(sr_return_quantity) as store_returns_quantitycov
       ,count(cs_quantity) as catalog_sales_quantitycount ,avg(cs_quantity) as catalog_sales_quantityave
       ,stddev_samp(cs_quantity)/avg(cs_quantity) as catalog_sales_quantitystdev
       ,stddev_samp(cs_quantity)/avg(cs_quantity) as catalog_sales_quantitycov
 from store_sales
     ,store_returns
     ,catalog_sales
     ,date_dim d1
     ,date_dim d2
     ,date_dim d3
     ,store
     ,item
 where d1.d_quarter_name = '2000Q1'
   and d1.d_date_sk = ss_sold_date_sk
   and i_item_sk = ss_item_sk
   and s_store_sk = ss_store_sk
   and ss_customer_sk = sr_customer_sk
   and ss_item_sk = sr_item_sk
   and ss_ticket_number = sr_ticket_number
   and sr_returned_date_sk = d2.d_date_sk
   and d2.d_quarter_name in ('2000Q1','2000Q2','2000Q3')
   and sr_customer_sk = cs_bill_customer_sk
   and sr_item_sk = cs_item_sk
   and cs_sold_date_sk = d3.d_date_sk
   and d3.d_quarter_name in ('2000Q1','2000Q2','2000Q3')
 group by i_item_id
         ,i_item_desc
         ,s_state
 order by i_item_id
         ,i_item_desc
         ,s_state
limit 100
POSTHOOK: type: QUERY
POSTHOOK: Input: default@catalog_sales
POSTHOOK: Input: default@date_dim
POSTHOOK: Input: default@item
POSTHOOK: Input: default@store
POSTHOOK: Input: default@store_returns
POSTHOOK: Input: default@store_sales
POSTHOOK: Output: hdfs://### HDFS PATH ###
Plan optimized by CBO.

Vertex dependency in root stage
Reducer 10 <- Reducer 11 (SIMPLE_EDGE), Reducer 9 (SIMPLE_EDGE)
Reducer 11 <- Map 14 (SIMPLE_EDGE), Map 8 (SIMPLE_EDGE)
Reducer 2 <- Map 1 (SIMPLE_EDGE), Map 8 (SIMPLE_EDGE)
Reducer 3 <- Map 12 (SIMPLE_EDGE), Reducer 2 (SIMPLE_EDGE)
Reducer 4 <- Reducer 10 (SIMPLE_EDGE), Reducer 3 (SIMPLE_EDGE)
Reducer 5 <- Map 15 (SIMPLE_EDGE), Reducer 4 (SIMPLE_EDGE)
Reducer 6 <- Reducer 5 (SIMPLE_EDGE)
Reducer 7 <- Reducer 6 (SIMPLE_EDGE)
Reducer 9 <- Map 13 (SIMPLE_EDGE), Map 8 (SIMPLE_EDGE)

Stage-0
  Fetch Operator
    limit:100
    Stage-1
      Reducer 7 vectorized
      File Output Operator [FS_270]
        Limit [LIM_269] (rows=100 width=88)
          Number of rows:100
          Select Operator [SEL_251] (rows=9307320243 width=466)
            Output:["_col0","_col1","_col2","_col3","_col4","_col5","_col6","_col7","_col8","_col9","_col10","_col11","_col12","_col13","_col14"]
          <-Reducer 6 [SIMPLE_EDGE] vectorized
            SHUFFLE [RS_250]
              Select Operator [SEL_249] (rows=9307320243 width=466)
                Output:["_col0","_col1","_col2","_col3","_col4","_col5","_col6","_col7","_col8","_col9","_col10","_col11","_col12","_col13"]
                Group By Operator [GBY_248] (rows=9307320243 width=466)
                  Output:["_col0","_col1","_col2","_col3","_col4","_col5","_col6","_col7","_col8","_col9","_col10","_col11","_col12","_col13","_col14"],aggregations:["count(VALUE._col0)","sum(VALUE._col1)","sum(VALUE._col2)","sum(VALUE._col3)","count(VALUE._col4)","sum(VALUE._col5)","sum(VALUE._col6)","sum(VALUE._col7)","count(VALUE._col8)","sum(VALUE._col9)","sum(VALUE._col10)","sum(VALUE._col11)"],keys:KEY._col0, KEY._col1, KEY._col2
                <-Reducer 5 [SIMPLE_EDGE]
                  SHUFFLE [RS_50]
                    PartitionCols:_col0, _col1, _col2
                    Group By Operator [GBY_49] (rows=9307320243 width=466)
                      Output:["_col0","_col1","_col2","_col3","_col4","_col5","_col6","_col7","_col8","_col9","_col10","_col11","_col12","_col13","_col14"],aggregations:["count(_col3)","sum(_col3)","sum(_col7)","sum(_col6)","count(_col4)","sum(_col4)","sum(_col9)","sum(_col8)","count(_col5)","sum(_col5)","sum(_col11)","sum(_col10)"],keys:_col0, _col1, _col2
                      Top N Key Operator [TNK_93] (rows=9307320243 width=381)
                        keys:_col0, _col1, _col2,sort order:+++,top n:100
                        Select Operator [SEL_47] (rows=9307320243 width=381)
                          Output:["_col0","_col1","_col2","_col3","_col4","_col5","_col6","_col7","_col8","_col9","_col10","_col11"]
                          Merge Join Operator [MERGEJOIN_213] (rows=9307320243 width=381)
                            Conds:RS_44._col3=RS_247._col0(Inner),Output:["_col5","_col8","_col9","_col13","_col19","_col22"]
                          <-Map 17 [SIMPLE_EDGE] vectorized
                            SHUFFLE [RS_247]
                              PartitionCols:_col0
                              Select Operator [SEL_250] (rows=1704 width=1910)
                                Output:["_col0","_col1"]
                                Filter Operator [FIL_249] (rows=1704 width=1910)
                                  predicate:s_store_sk is not null
                                  TableScan [TS_32] (rows=1704 width=1910)
                                    default@store,store,Tbl:COMPLETE,Col:NONE,Output:["s_store_sk","s_state"]
                          <-Reducer 4 [SIMPLE_EDGE]
                            SHUFFLE [RS_44]
                              PartitionCols:_col3
                              Merge Join Operator [MERGEJOIN_212] (rows=9307320243 width=299)
                                Conds:RS_41._col1, _col2, _col4=RS_42._col6, _col7, _col8(Inner),Output:["_col3","_col5","_col8","_col9","_col13","_col19"]
                              <-Reducer 11 [SIMPLE_EDGE]
                                SHUFFLE [RS_42]
                                  PartitionCols:_col6, _col7, _col8
                                  Merge Join Operator [MERGEJOIN_211] (rows=1656746576 width=19)
                                    Conds:RS_28._col2, _col1=RS_29._col1, _col2(Inner),Output:["_col3","_col6","_col7","_col8","_col9"]
                                  <-Reducer 10 [SIMPLE_EDGE]
                                    SHUFFLE [RS_28]
                                      PartitionCols:_col2, _col1
                                      Merge Join Operator [MERGEJOIN_209] (rows=316788826 width=135)
                                        Conds:RS_264._col0=RS_222._col0(Inner),Output:["_col1","_col2","_col3"]
                                      <-Map 8 [SIMPLE_EDGE] vectorized
                                        PARTITION_ONLY_SHUFFLE [RS_222]
                                          PartitionCols:_col0
                                          Select Operator [SEL_218] (rows=73049 width=1119)
                                            Output:["_col0"]
                                            Filter Operator [FIL_215] (rows=73049 width=1119)
                                              predicate:((d_quarter_name) IN ('2000Q1', '2000Q2', '2000Q3') and d_date_sk is not null)
                                               Please refer to the previous TableScan [TS_3]
                                      <-Map 18 [SIMPLE_EDGE] vectorized
                                        SHUFFLE [RS_264]
                                          PartitionCols:_col0
                                          Select Operator [SEL_263] (rows=287989836 width=135)
                                            Output:["_col0","_col1","_col2","_col3"]
                                            Filter Operator [FIL_262] (rows=287989836 width=135)
                                              predicate:((cs_bill_customer_sk BETWEEN DynamicValue(RS_29_store_returns_sr_customer_sk_min) AND DynamicValue(RS_29_store_returns_sr_customer_sk_max) and in_bloom_filter(cs_bill_customer_sk, DynamicValue(RS_29_store_returns_sr_customer_sk_bloom_filter))) and (cs_item_sk BETWEEN DynamicValue(RS_29_store_returns_sr_item_sk_min) AND DynamicValue(RS_29_store_returns_sr_item_sk_max) and in_bloom_filter(cs_item_sk, DynamicValue(RS_29_store_returns_sr_item_sk_bloom_filter))) and (cs_item_sk BETWEEN DynamicValue(RS_39_item_i_item_sk_min) AND DynamicValue(RS_39_item_i_item_sk_max) and in_bloom_filter(cs_item_sk, DynamicValue(RS_39_item_i_item_sk_bloom_filter))) and (cs_sold_date_sk BETWEEN DynamicValue(RS_26_d3_d_date_sk_min) AND DynamicValue(RS_26_d3_d_date_sk_max) and in_bloom_filter(cs_sold_date_sk, DynamicValue(RS_26_d3_d_date_sk_bloom_filter))) and cs_bill_customer_sk is not null and cs_item_sk is not null and cs_sold_date_sk is not null)
                                              TableScan [TS_9] (rows=287989836 width=135)
                                                default@catalog_sales,catalog_sales,Tbl:COMPLETE,Col:NONE,Output:["cs_sold_date_sk","cs_bill_customer_sk","cs_item_sk","cs_quantity"]
                                              <-Reducer 14 [BROADCAST_EDGE] vectorized
                                                BROADCAST [RS_245]
                                                  Group By Operator [GBY_243] (rows=1 width=12)
                                                    Output:["_col0","_col1","_col2"],aggregations:["min(VALUE._col0)","max(VALUE._col1)","bloom_filter(VALUE._col2, expectedEntries=63350264)"]
                                                  <-Reducer 13 [CUSTOM_SIMPLE_EDGE]
                                                    PARTITION_ONLY_SHUFFLE [RS_111]
                                                      Group By Operator [GBY_110] (rows=1 width=12)
                                                        Output:["_col0","_col1","_col2"],aggregations:["min(_col0)","max(_col0)","bloom_filter(_col0, expectedEntries=63350264)"]
                                                        Select Operator [SEL_109] (rows=63350266 width=77)
                                                          Output:["_col0"]
                                                           Please refer to the previous Merge Join Operator [MERGEJOIN_210]
                                              <-Reducer 15 [BROADCAST_EDGE] vectorized
                                                BROADCAST [RS_248]
                                                  Group By Operator [GBY_246] (rows=1 width=12)
                                                    Output:["_col0","_col1","_col2"],aggregations:["min(VALUE._col0)","max(VALUE._col1)","bloom_filter(VALUE._col2, expectedEntries=63350264)"]
                                                  <-Reducer 13 [CUSTOM_SIMPLE_EDGE]
                                                    PARTITION_ONLY_SHUFFLE [RS_126]
                                                      Group By Operator [GBY_125] (rows=1 width=12)
                                                        Output:["_col0","_col1","_col2"],aggregations:["min(_col0)","max(_col0)","bloom_filter(_col0, expectedEntries=63350264)"]
                                                        Select Operator [SEL_124] (rows=63350266 width=77)
                                                          Output:["_col0"]
                                                           Please refer to the previous Merge Join Operator [MERGEJOIN_210]
                                              <-Reducer 17 [BROADCAST_EDGE] vectorized
                                                BROADCAST [RS_239]
                                                  Group By Operator [GBY_237] (rows=1 width=12)
                                                    Output:["_col0","_col1","_col2"],aggregations:["min(VALUE._col0)","max(VALUE._col1)","bloom_filter(VALUE._col2, expectedEntries=1000000)"]
                                                  <-Map 16 [CUSTOM_SIMPLE_EDGE] vectorized
                                                    SHUFFLE [RS_236]
                                                      Group By Operator [GBY_235] (rows=1 width=12)
                                                        Output:["_col0","_col1","_col2"],aggregations:["min(_col0)","max(_col0)","bloom_filter(_col0, expectedEntries=1000000)"]
                                                        Select Operator [SEL_234] (rows=462000 width=1436)
                                                          Output:["_col0"]
                                                          Select Operator [SEL_232] (rows=462000 width=1436)
                                                            Output:["_col0","_col1","_col2"]
                                                            Filter Operator [FIL_231] (rows=462000 width=1436)
                                                              predicate:i_item_sk is not null
                                                              TableScan [TS_6] (rows=462000 width=1436)
                                                                default@item,item,Tbl:COMPLETE,Col:NONE,Output:["i_item_sk","i_item_id","i_item_desc"]
                                              <-Reducer 12 [BROADCAST_EDGE] vectorized
                                                BROADCAST [RS_261]
                                                  Group By Operator [GBY_260] (rows=1 width=12)
                                                    Output:["_col0","_col1","_col2"],aggregations:["min(VALUE._col0)","max(VALUE._col1)","bloom_filter(VALUE._col2, expectedEntries=1000000)"]
                                                  <-Map 8 [CUSTOM_SIMPLE_EDGE] vectorized
                                                    PARTITION_ONLY_SHUFFLE [RS_228]
                                                      Group By Operator [GBY_226] (rows=1 width=12)
                                                        Output:["_col0","_col1","_col2"],aggregations:["min(_col0)","max(_col0)","bloom_filter(_col0, expectedEntries=1000000)"]
                                                        Select Operator [SEL_223] (rows=73049 width=1119)
                                                          Output:["_col0"]
                                                           Please refer to the previous Select Operator [SEL_218]
                              <-Reducer 3 [SIMPLE_EDGE]
                                SHUFFLE [RS_41]
                                  PartitionCols:_col1, _col2, _col4
                                  Merge Join Operator [MERGEJOIN_208] (rows=696954748 width=88)
                                    Conds:RS_38._col1=RS_233._col0(Inner),Output:["_col1","_col2","_col3","_col4","_col5","_col9","_col10"]
                                  <-Map 16 [SIMPLE_EDGE] vectorized
                                    SHUFFLE [RS_233]
                                      PartitionCols:_col0
                                       Please refer to the previous Select Operator [SEL_232]
                                  <-Reducer 2 [SIMPLE_EDGE]
                                    SHUFFLE [RS_38]
                                      PartitionCols:_col1
                                      Merge Join Operator [MERGEJOIN_207] (rows=633595212 width=88)
                                        Conds:RS_259._col0=RS_220._col0(Inner),Output:["_col1","_col2","_col3","_col4","_col5"]
                                      <-Map 8 [SIMPLE_EDGE] vectorized
                                        PARTITION_ONLY_SHUFFLE [RS_220]
                                          PartitionCols:_col0
                                          Select Operator [SEL_217] (rows=36524 width=1119)
                                            Output:["_col0"]
                                            Filter Operator [FIL_214] (rows=36524 width=1119)
                                              predicate:((d_quarter_name = '2000Q1') and d_date_sk is not null)
                                               Please refer to the previous TableScan [TS_3]
                                      <-Map 1 [SIMPLE_EDGE] vectorized
                                        SHUFFLE [RS_259]
                                          PartitionCols:_col0
                                          Select Operator [SEL_258] (rows=575995635 width=88)
                                            Output:["_col0","_col1","_col2","_col3","_col4","_col5"]
                                            Filter Operator [FIL_257] (rows=575995635 width=88)
                                              predicate:((ss_customer_sk BETWEEN DynamicValue(RS_29_store_returns_sr_customer_sk_min) AND DynamicValue(RS_29_store_returns_sr_customer_sk_max) and in_bloom_filter(ss_customer_sk, DynamicValue(RS_29_store_returns_sr_customer_sk_bloom_filter))) and (ss_item_sk BETWEEN DynamicValue(RS_29_store_returns_sr_item_sk_min) AND DynamicValue(RS_29_store_returns_sr_item_sk_max) and in_bloom_filter(ss_item_sk, DynamicValue(RS_29_store_returns_sr_item_sk_bloom_filter))) and (ss_item_sk BETWEEN DynamicValue(RS_39_item_i_item_sk_min) AND DynamicValue(RS_39_item_i_item_sk_max) and in_bloom_filter(ss_item_sk, DynamicValue(RS_39_item_i_item_sk_bloom_filter))) and (ss_sold_date_sk BETWEEN DynamicValue(RS_36_d1_d_date_sk_min) AND DynamicValue(RS_36_d1_d_date_sk_max) and in_bloom_filter(ss_sold_date_sk, DynamicValue(RS_36_d1_d_date_sk_bloom_filter))) and (ss_store_sk BETWEEN DynamicValue(RS_45_store_s_store_sk_min) AND DynamicValue(RS_45_store_s_store_sk_max) and in_bloom_filter(ss_store_sk, DynamicValue(RS_45_store_s_store_sk_bloom_filter))) and ss_customer_sk is not null and ss_item_sk is not null and ss_sold_date_sk is not null and ss_store_sk is not null and ss_ticket_number is not null)
                                              TableScan [TS_0] (rows=575995635 width=88)
                                                default@store_sales,store_sales,Tbl:COMPLETE,Col:NONE,Output:["ss_sold_date_sk","ss_item_sk","ss_customer_sk","ss_store_sk","ss_ticket_number","ss_quantity"]
                                              <-Reducer 14 [BROADCAST_EDGE] vectorized
                                                BROADCAST [RS_244]
                                                   Please refer to the previous Group By Operator [GBY_243]
                                              <-Reducer 15 [BROADCAST_EDGE] vectorized
                                                BROADCAST [RS_247]
                                                   Please refer to the previous Group By Operator [GBY_246]
                                              <-Reducer 17 [BROADCAST_EDGE] vectorized
                                                BROADCAST [RS_238]
                                                   Please refer to the previous Group By Operator [GBY_237]
                                              <-Reducer 21 [BROADCAST_EDGE] vectorized
                                                BROADCAST [RS_256]
                                                  Group By Operator [GBY_255] (rows=1 width=12)
                                                    Output:["_col0","_col1","_col2"],aggregations:["min(VALUE._col0)","max(VALUE._col1)","bloom_filter(VALUE._col2, expectedEntries=1000000)"]
                                                  <-Map 20 [CUSTOM_SIMPLE_EDGE] vectorized
                                                    SHUFFLE [RS_254]
                                                      Group By Operator [GBY_253] (rows=1 width=12)
                                                        Output:["_col0","_col1","_col2"],aggregations:["min(_col0)","max(_col0)","bloom_filter(_col0, expectedEntries=1000000)"]
                                                        Select Operator [SEL_252] (rows=1704 width=1910)
                                                          Output:["_col0"]
                                                           Please refer to the previous Select Operator [SEL_250]
                                              <-Reducer 9 [BROADCAST_EDGE] vectorized
                                                BROADCAST [RS_230]
                                                  Group By Operator [GBY_229] (rows=1 width=12)
                                                    Output:["_col0","_col1","_col2"],aggregations:["min(VALUE._col0)","max(VALUE._col1)","bloom_filter(VALUE._col2, expectedEntries=1000000)"]
                                                  <-Map 8 [CUSTOM_SIMPLE_EDGE] vectorized
                                                    PARTITION_ONLY_SHUFFLE [RS_227]
                                                      Group By Operator [GBY_225] (rows=1 width=12)
                                                        Output:["_col0","_col1","_col2"],aggregations:["min(_col0)","max(_col0)","bloom_filter(_col0, expectedEntries=1000000)"]
                                                        Select Operator [SEL_221] (rows=36524 width=1119)
                                                          Output:["_col0"]
                                                           Please refer to the previous Select Operator [SEL_217]

